// Jest Snapshot v1, https://goo.gl/fbAQLP

exports[`Portfolio to match snapshot 1`] = `
<div>
  <section
    class="py-8 md:py-16"
    id="portofolio"
  >
    <div
      class="MuiContainer-root MuiContainer-maxWidthLg css-1oqqzyl-MuiContainer-root"
    >
      <h1
        class="mb-8 text-center text-2xl capitalize dark:text-white md:text-3xl lg:text-4xl"
      >
        Portofolio
      </h1>
      <p
        class="mx-auto mb-8 max-w-xl text-center leading-8 text-gray-800 dark:text-gray-200"
      >
        Since the beginning of my journey as a freelance developer, I've done remote work for
        <span
          class="text-teal-500"
        >
           agencies 
        </span>
        consulted for 
        <span
          class="text-teal-500"
        >
          startups 
        </span>
        and collaborated with talanted people to create digital products for both business and consumer use.
      </p>
      <p
        class="mx-auto mb-8 max-w-xl text-center leading-8 text-gray-800 dark:text-gray-200"
      >
        I offer from a wide range of services, including programming and teaching.
      </p>
      <div
        class="grid grid-cols-1 gap-8 md:grid-cols-2 lg:grid-cols-3"
      >
        <div
          class="col-span-1"
        >
          <a
            class="block overflow-hidden rounded-lg border shadow-md transition-all hover:shadow-2xl"
            href="#"
          >
            <img
              alt="web1"
              class="object-cover"
              data-nimg="1"
              decoding="async"
              height="40"
              loading="lazy"
              src="/_next/image?url=%2Fimg.jpg&w=96&q=75"
              srcset="/_next/image?url=%2Fimg.jpg&w=48&q=75 1x, /_next/image?url=%2Fimg.jpg&w=96&q=75 2x"
              style="color: transparent;"
              width="40"
            />
          </a>
        </div>
        <div
          class="col-span-1"
        >
          <a
            class="block overflow-hidden rounded-lg border shadow-md transition-all hover:shadow-2xl"
            href="#"
          >
            <img
              alt="web2"
              class="object-cover"
              data-nimg="1"
              decoding="async"
              height="40"
              loading="lazy"
              src="/_next/image?url=%2Fimg.jpg&w=96&q=75"
              srcset="/_next/image?url=%2Fimg.jpg&w=48&q=75 1x, /_next/image?url=%2Fimg.jpg&w=96&q=75 2x"
              style="color: transparent;"
              width="40"
            />
          </a>
        </div>
        <div
          class="col-span-1"
        >
          <a
            class="block overflow-hidden rounded-lg border shadow-md transition-all hover:shadow-2xl"
            href="#"
          >
            <img
              alt="web3"
              class="object-cover"
              data-nimg="1"
              decoding="async"
              height="40"
              loading="lazy"
              src="/_next/image?url=%2Fimg.jpg&w=96&q=75"
              srcset="/_next/image?url=%2Fimg.jpg&w=48&q=75 1x, /_next/image?url=%2Fimg.jpg&w=96&q=75 2x"
              style="color: transparent;"
              width="40"
            />
          </a>
        </div>
        <div
          class="col-span-1"
        >
          <a
            class="block overflow-hidden rounded-lg border shadow-md transition-all hover:shadow-2xl"
            href="#"
          >
            <img
              alt="web4"
              class="object-cover"
              data-nimg="1"
              decoding="async"
              height="40"
              loading="lazy"
              src="/_next/image?url=%2Fimg.jpg&w=96&q=75"
              srcset="/_next/image?url=%2Fimg.jpg&w=48&q=75 1x, /_next/image?url=%2Fimg.jpg&w=96&q=75 2x"
              style="color: transparent;"
              width="40"
            />
          </a>
        </div>
        <div
          class="col-span-1"
        >
          <a
            class="block overflow-hidden rounded-lg border shadow-md transition-all hover:shadow-2xl"
            href="#"
          >
            <img
              alt="web5"
              class="object-cover"
              data-nimg="1"
              decoding="async"
              height="40"
              loading="lazy"
              src="/_next/image?url=%2Fimg.jpg&w=96&q=75"
              srcset="/_next/image?url=%2Fimg.jpg&w=48&q=75 1x, /_next/image?url=%2Fimg.jpg&w=96&q=75 2x"
              style="color: transparent;"
              width="40"
            />
          </a>
        </div>
        <div
          class="col-span-1"
        >
          <a
            class="block overflow-hidden rounded-lg border shadow-md transition-all hover:shadow-2xl"
            href="#"
          >
            <img
              alt="web6"
              class="object-cover"
              data-nimg="1"
              decoding="async"
              height="40"
              loading="lazy"
              src="/_next/image?url=%2Fimg.jpg&w=96&q=75"
              srcset="/_next/image?url=%2Fimg.jpg&w=48&q=75 1x, /_next/image?url=%2Fimg.jpg&w=96&q=75 2x"
              style="color: transparent;"
              width="40"
            />
          </a>
        </div>
      </div>
    </div>
  </section>
</div>
`;
