// Jest Snapshot v1, https://goo.gl/fbAQLP

exports[`Navbar to match snapshot 1`] = `
<div>
  <nav
    class="fixed top-0 z-50 w-full "
    id="header"
  >
    <div
      class="MuiContainer-root MuiContainer-maxWidthLg css-1oqqzyl-MuiContainer-root"
    >
      <div
        class="py-8"
      >
        <div
          class="flex w-full items-center justify-between"
        >
          <a
            class="flex items-center gap-2 text-white"
          >
            <svg
              aria-hidden="true"
              class="MuiSvgIcon-root MuiSvgIcon-fontSizeLarge fill-current css-tzssek-MuiSvgIcon-root"
              data-testid="FlightTakeoffIcon"
              focusable="false"
              viewBox="0 0 24 24"
            >
              <path
                d="M2.5 19h19v2h-19v-2zm19.57-9.36c-.21-.8-1.04-1.28-1.84-1.06L14.92 10l-6.9-6.43-1.93.51 4.14 7.17-4.97 1.33-1.97-1.54-1.45.39 2.59 4.49s7.12-1.9 16.57-4.43c.81-.23 1.28-1.05 1.07-1.85z"
              />
            </svg>
            <span
              class="text-xl font-bold md:text-2xl"
            >
              LANDING
            </span>
          </a>
          <div
            class="hidden md:block text-white"
          >
            <div
              class="flex items-center gap-8"
            >
              <a
                class="cursor-pointer font-medium capitalize tracking-wider"
              >
                Services
              </a>
              <a
                class="cursor-pointer font-medium capitalize tracking-wider"
              >
                projects
              </a>
              <a
                class="cursor-pointer font-medium capitalize tracking-wider"
              >
                pricing
              </a>
              <button
                class="MuiButtonBase-root MuiButton-root MuiButton-contained MuiButton-containedPrimary MuiButton-sizeMedium MuiButton-containedSizeMedium MuiButton-root MuiButton-contained MuiButton-containedPrimary MuiButton-sizeMedium MuiButton-containedSizeMedium css-q23ilp-MuiButtonBase-root-MuiButton-root"
                tabindex="0"
                type="button"
              >
                Download
                <span
                  class="MuiTouchRipple-root css-8je8zh-MuiTouchRipple-root"
                />
              </button>
            </div>
          </div>
          <div
            class="block md:hidden"
          >
            <button
              class="MuiButtonBase-root MuiButton-root MuiButton-text MuiButton-textPrimary MuiButton-sizeMedium MuiButton-textSizeMedium MuiButton-root MuiButton-text MuiButton-textPrimary MuiButton-sizeMedium MuiButton-textSizeMedium text-white css-1e6y48t-MuiButtonBase-root-MuiButton-root"
              tabindex="0"
              type="button"
            >
              <svg
                aria-hidden="true"
                class="MuiSvgIcon-root MuiSvgIcon-fontSizeMedium css-i4bv87-MuiSvgIcon-root"
                data-testid="MenuIcon"
                focusable="false"
                viewBox="0 0 24 24"
              >
                <path
                  d="M3 18h18v-2H3v2zm0-5h18v-2H3v2zm0-7v2h18V6H3z"
                />
              </svg>
              <span
                class="MuiTouchRipple-root css-8je8zh-MuiTouchRipple-root"
              />
            </button>
          </div>
        </div>
      </div>
    </div>
  </nav>
</div>
`;
