// Jest Snapshot v1, https://goo.gl/fbAQLP

exports[`Service to match snapshot 1`] = `
<div>
  <div
    class="rounded-xl border p-8 text-center shadow-md transition-all hover:shadow-2xl dark:border-gray-900 dark:bg-gray-800 dark:text-white"
  >
    <img
      alt="title"
      class="mx-auto mb-8"
      data-nimg="1"
      decoding="async"
      loading="lazy"
      src=""
      style="color: transparent;"
    />
    <h3
      class="mb-8 text-lg font-medium"
    >
      title
    </h3>
    <p
      class="mb-8"
    >
      description
    </p>
    <h4
      class="mb-8 text-teal-600"
    >
      Develop Tools I Use
    </h4>
  </div>
</div>
`;
